[    0.000000] Linux version 5.1.0-rc7-ygarrot-00029-g600d7258316d (root@ygarrot) (gcc version 8.2.0 (GCC)) #1 SMP PREEMPT Thu May 2 12:44:05 CEST 2019
[    0.000000] Command line: BOOT_IMAGE=/vmlinuz-5.1 root=/dev/sda3 ro
[    0.000000] x86/fpu: Supporting XSAVE feature 0x001: 'x87 floating point registers'
[    0.000000] x86/fpu: Supporting XSAVE feature 0x002: 'SSE registers'
[    0.000000] x86/fpu: Supporting XSAVE feature 0x004: 'AVX registers'
[    0.000000] x86/fpu: xstate_offset[2]:  576, xstate_sizes[2]:  256
[    0.000000] x86/fpu: Enabled xstate features 0x7, context size is 832 bytes, using 'standard' format.
[    0.000000] BIOS-provided physical RAM map:
[    0.000000] BIOS-e820: [mem 0x0000000000000000-0x000000000009fbff] usable
[    0.000000] BIOS-e820: [mem 0x000000000009fc00-0x000000000009ffff] reserved
[    0.000000] BIOS-e820: [mem 0x00000000000f0000-0x00000000000fffff] reserved
[    0.000000] BIOS-e820: [mem 0x0000000000100000-0x00000000c0aeffff] usable
[    0.000000] BIOS-e820: [mem 0x00000000c0af0000-0x00000000c0afffff] ACPI data
[    0.000000] BIOS-e820: [mem 0x00000000fec00000-0x00000000fec00fff] reserved
[    0.000000] BIOS-e820: [mem 0x00000000fee00000-0x00000000fee00fff] reserved
[    0.000000] BIOS-e820: [mem 0x00000000fffc0000-0x00000000ffffffff] reserved
[    0.000000] NX (Execute Disable) protection: active
[    0.000000] SMBIOS 2.5 present.
[    0.000000] DMI: innotek GmbH VirtualBox/VirtualBox, BIOS VirtualBox 12/01/2006
[    0.000000] tsc: Fast TSC calibration failed
[    0.000000] e820: update [mem 0x00000000-0x00000fff] usable ==> reserved
[    0.000000] e820: remove [mem 0x000a0000-0x000fffff] usable
[    0.000000] last_pfn = 0xc0af0 max_arch_pfn = 0x400000000
[    0.000000] MTRR default type: uncachable
[    0.000000] MTRR variable ranges disabled:
[    0.000000] Disabled
[    0.000000] x86/PAT: MTRRs disabled, skipping PAT initialization too.
[    0.000000] CPU MTRRs all blank - virtualized system.
[    0.000000] x86/PAT: Configuration [0-7]: WB  WT  UC- UC  WB  WT  UC- UC
[    0.000000] found SMP MP-table at [mem 0x0009fff0-0x0009ffff]
[    0.000000] check: Scanning 1 areas for low memory corruption
[    0.000000] BRK [0x26801000, 0x26801fff] PGTABLE
[    0.000000] BRK [0x26802000, 0x26802fff] PGTABLE
[    0.000000] BRK [0x26803000, 0x26803fff] PGTABLE
[    0.000000] BRK [0x26804000, 0x26804fff] PGTABLE
[    0.000000] BRK [0x26805000, 0x26805fff] PGTABLE
[    0.000000] BRK [0x26806000, 0x26806fff] PGTABLE
[    0.000000] BRK [0x26807000, 0x26807fff] PGTABLE
[    0.000000] ACPI: Early table checksum verification disabled
[    0.000000] ACPI: RSDP 0x00000000000E0000 000024 (v02 VBOX  )
[    0.000000] ACPI: XSDT 0x00000000C0AF0030 00003C (v01 VBOX   VBOXXSDT 00000001 ASL  00000061)
[    0.000000] ACPI: FACP 0x00000000C0AF00F0 0000F4 (v04 VBOX   VBOXFACP 00000001 ASL  00000061)
[    0.000000] ACPI: DSDT 0x00000000C0AF0480 0021FF (v02 VBOX   VBOXBIOS 00000002 INTL 20100528)
[    0.000000] ACPI: FACS 0x00000000C0AF0200 000040
[    0.000000] ACPI: FACS 0x00000000C0AF0200 000040
[    0.000000] ACPI: APIC 0x00000000C0AF0240 000064 (v02 VBOX   VBOXAPIC 00000001 ASL  00000061)
[    0.000000] ACPI: SSDT 0x00000000C0AF02B0 0001CC (v01 VBOX   VBOXCPUT 00000002 INTL 20100528)
[    0.000000] ACPI: Local APIC address 0xfee00000
[    0.000000] No NUMA configuration found
[    0.000000] Faking a node at [mem 0x0000000000000000-0x00000000c0aeffff]
[    0.000000] NODE_DATA(0) allocated [mem 0xc0aec000-0xc0aeffff]
[    0.000000] Zone ranges:
[    0.000000]   DMA      [mem 0x0000000000001000-0x0000000000ffffff]
[    0.000000]   DMA32    [mem 0x0000000001000000-0x00000000c0aeffff]
[    0.000000]   Normal   empty
[    0.000000] Movable zone start for each node
[    0.000000] Early memory node ranges
[    0.000000]   node   0: [mem 0x0000000000001000-0x000000000009efff]
[    0.000000]   node   0: [mem 0x0000000000100000-0x00000000c0aeffff]
[    0.000000] Zeroed struct page in unavailable ranges: 98 pages
[    0.000000] Initmem setup node 0 [mem 0x0000000000001000-0x00000000c0aeffff]
[    0.000000] On node 0 totalpages: 789134
[    0.000000]   DMA zone: 64 pages used for memmap
[    0.000000]   DMA zone: 21 pages reserved
[    0.000000]   DMA zone: 3998 pages, LIFO batch:0
[    0.000000]   DMA32 zone: 12268 pages used for memmap
[    0.000000]   DMA32 zone: 785136 pages, LIFO batch:63
[    0.000000] ACPI: PM-Timer IO Port: 0x4008
[    0.000000] ACPI: Local APIC address 0xfee00000
[    0.000000] IOAPIC[0]: apic_id 3, version 32, address 0xfec00000, GSI 0-23
[    0.000000] ACPI: INT_SRC_OVR (bus 0 bus_irq 0 global_irq 2 dfl dfl)
[    0.000000] ACPI: INT_SRC_OVR (bus 0 bus_irq 9 global_irq 9 low level)
[    0.000000] ACPI: IRQ0 used by override.
[    0.000000] ACPI: IRQ9 used by override.
[    0.000000] Using ACPI (MADT) for SMP configuration information
[    0.000000] smpboot: Allowing 3 CPUs, 0 hotplug CPUs
[    0.000000] PM: Registered nosave memory: [mem 0x00000000-0x00000fff]
[    0.000000] PM: Registered nosave memory: [mem 0x0009f000-0x0009ffff]
[    0.000000] PM: Registered nosave memory: [mem 0x000a0000-0x000effff]
[    0.000000] PM: Registered nosave memory: [mem 0x000f0000-0x000fffff]
[    0.000000] [mem 0xc0b00000-0xfebfffff] available for PCI devices
[    0.000000] clocksource: refined-jiffies: mask: 0xffffffff max_cycles: 0xffffffff, max_idle_ns: 1910969940391419 ns
[    0.000000] random: get_random_bytes called from start_kernel+0x8c/0x491 with crng_init=0
[    0.000000] setup_percpu: NR_CPUS:64 nr_cpumask_bits:64 nr_cpu_ids:3 nr_node_ids:1
[    0.000000] percpu: Embedded 43 pages/cpu s138456 r8192 d29480 u524288
[    0.000000] pcpu-alloc: s138456 r8192 d29480 u524288 alloc=1*2097152
[    0.000000] pcpu-alloc: [0] 0 1 2 -
[    0.000000] Built 1 zonelists, mobility grouping on.  Total pages: 776781
[    0.000000] Policy zone: DMA32
[    0.000000] Kernel command line: BOOT_IMAGE=/vmlinuz-5.1 root=/dev/sda3 ro
[    0.000000] Calgary: detecting Calgary via BIOS EBDA area
[    0.000000] Calgary: Unable to locate Rio Grande table in EBDA - bailing!
[    0.000000] Memory: 3075940K/3156536K available (14340K kernel code, 1288K rwdata, 3024K rodata, 1256K init, 1408K bss, 80596K reserved, 0K cma-reserved)
[    0.000000] SLUB: HWalign=64, Order=0-3, MinObjects=0, CPUs=3, Nodes=1
[    0.000000] Kernel/User page tables isolation: enabled
[    0.000000] rcu: Preemptible hierarchical RCU implementation.
[    0.000000] rcu: 	RCU restricting CPUs from NR_CPUS=64 to nr_cpu_ids=3.
[    0.000000] 	Tasks RCU enabled.
[    0.000000] rcu: RCU calculated value of scheduler-enlistment delay is 100 jiffies.
[    0.000000] rcu: Adjusting geometry for rcu_fanout_leaf=16, nr_cpu_ids=3
[    0.000000] NR_IRQS: 4352, nr_irqs: 448, preallocated irqs: 16
[    0.000000] Console: colour VGA+ 80x25
[    0.000000] printk: console [tty0] enabled
[    0.000000] ACPI: Core revision 20190215
[    0.000000] APIC: Switch to symmetric I/O mode setup
[    0.001000] ..TIMER: vector=0x30 apic1=0 pin1=2 apic2=-1 pin2=-1
[    0.008000] tsc: PIT calibration matches PMTIMER. 1 loops
[    0.008000] tsc: Detected 2893.388 MHz processor
[    0.000014] clocksource: tsc-early: mask: 0xffffffffffffffff max_cycles: 0x29b4dd1e107, max_idle_ns: 440795259069 ns
[    0.000617] Calibrating delay loop (skipped), value calculated using timer frequency.. 5786.77 BogoMIPS (lpj=2893388)
[    0.001177] pid_max: default: 32768 minimum: 301
[    0.001619] LSM: Security Framework initializing
[    0.001952] SELinux:  Initializing.
[    0.002267] *** VALIDATE SELinux ***
[    0.003434] Dentry cache hash table entries: 524288 (order: 10, 4194304 bytes)
[    0.004069] Inode-cache hash table entries: 262144 (order: 9, 2097152 bytes)
[    0.004534] Mount-cache hash table entries: 8192 (order: 4, 65536 bytes)
[    0.004616] Mountpoint-cache hash table entries: 8192 (order: 4, 65536 bytes)
[    0.005158] *** VALIDATE proc ***
[    0.005631] *** VALIDATE cgroup1 ***
[    0.006265] *** VALIDATE cgroup2 ***
[    0.006671] mce: CPU supports 0 MCE banks
[    0.007033] Last level iTLB entries: 4KB 512, 2MB 8, 4MB 8
[    0.007615] Last level dTLB entries: 4KB 512, 2MB 32, 4MB 32, 1GB 0
[    0.007996] Spectre V2 : Mitigation: Full generic retpoline
[    0.008365] Spectre V2 : Spectre v2 / SpectreRSB mitigation: Filling RSB on context switch
[    0.008606] Speculative Store Bypass: Vulnerable
[    0.009090] Freeing SMP alternatives memory: 40K
[    0.010600] smpboot: CPU0: Intel(R) Core(TM) i5-3470S CPU @ 2.90GHz (family: 0x6, model: 0x3a, stepping: 0x9)
[    0.015632] Performance Events: unsupported p6 CPU model 58 no PMU driver, software events only.
[    0.017761] rcu: Hierarchical SRCU implementation.
[    0.022627] smp: Bringing up secondary CPUs ...
[    0.030830] x86: Booting SMP configuration:
[    0.031608] .... node  #0, CPUs:      #1
[    0.000000] mce: CPU supports 0 MCE banks
[    0.040640]  #2
[    0.000000] mce: CPU supports 0 MCE banks
[    0.041630] smp: Brought up 1 node, 3 CPUs
[    0.043606] smpboot: Max logical packages: 1
[    0.043905] smpboot: Total of 3 processors activated (17360.32 BogoMIPS)
[    0.044911] devtmpfs: initialized
[    0.045787] kworker/u6:0 (26) used greatest stack depth: 14128 bytes left
[    0.045858] clocksource: jiffies: mask: 0xffffffff max_cycles: 0xffffffff, max_idle_ns: 1911260446275000 ns
[    0.047161] futex hash table entries: 1024 (order: 4, 65536 bytes)
[    0.047666] PM: RTC time: 14:55:48, date: 2019-05-02
[    0.048281] NET: Registered protocol family 16
[    0.048676] audit: initializing netlink subsys (disabled)
[    0.049137] audit: type=2000 audit(1556808948.057:1): state=initialized audit_enabled=0 res=1
[    0.050642] cpuidle: using governor menu
[    0.050968] ACPI: bus type PCI registered
[    0.051422] PCI: Using configuration type 1 for base access
[    0.059953] HugeTLB registered 2.00 MiB page size, pre-allocated 0 pages
[    0.060626] kworker/u6:1 (283) used greatest stack depth: 13960 bytes left
[    0.062746] ACPI: Added _OSI(Module Device)
[    0.063079] ACPI: Added _OSI(Processor Device)
[    0.063390] ACPI: Added _OSI(3.0 _SCP Extensions)
[    0.063680] ACPI: Added _OSI(Processor Aggregator Device)
[    0.063963] ACPI: Added _OSI(Linux-Dell-Video)
[    0.064641] ACPI: Added _OSI(Linux-Lenovo-NV-HDMI-Audio)
[    0.064920] ACPI: Added _OSI(Linux-HPI-Hybrid-Graphics)
[    0.066474] ACPI: 2 ACPI AML tables successfully acquired and loaded
[    0.068606] ACPI: Interpreter enabled
[    0.068606] ACPI: (supports S0 S5)
[    0.068611] ACPI: Using IOAPIC for interrupt routing
[    0.068988] PCI: Using host bridge windows from ACPI; if necessary, use "pci=nocrs" and report a bug
[    0.069705] ACPI: Enabled 2 GPEs in block 00 to 07
[    0.074704] ACPI: PCI Root Bridge [PCI0] (domain 0000 [bus 00-ff])
[    0.075073] acpi PNP0A03:00: _OSC: OS supports [ASPM ClockPM Segments MSI]
[    0.075472] acpi PNP0A03:00: _OSC: not requesting OS control; OS requires [ExtendedConfig ASPM ClockPM MSI]
[    0.076664] acpi PNP0A03:00: fail to add MMCONFIG information, can't access extended PCI configuration space under this bridge.
[    0.076713] PCI host bridge to bus 0000:00
[    0.077046] pci_bus 0000:00: root bus resource [io  0x0000-0x0cf7 window]
[    0.077438] pci_bus 0000:00: root bus resource [io  0x0d00-0xffff window]
[    0.077645] pci_bus 0000:00: root bus resource [mem 0x000a0000-0x000bffff window]
[    0.078133] pci_bus 0000:00: root bus resource [mem 0xc0b00000-0xfdffffff window]
[    0.078606] pci_bus 0000:00: root bus resource [bus 00-ff]
[    0.078998] pci 0000:00:00.0: [8086:1237] type 00 class 0x060000
[    0.079991] pci 0000:00:01.0: [8086:7000] type 00 class 0x060100
[    0.080758] pci 0000:00:01.1: [8086:7111] type 00 class 0x01018a
[    0.081434] pci 0000:00:01.1: reg 0x20: [io  0xd000-0xd00f]
[    0.081633] pci 0000:00:01.1: legacy IDE quirk: reg 0x10: [io  0x01f0-0x01f7]
[    0.082008] pci 0000:00:01.1: legacy IDE quirk: reg 0x14: [io  0x03f6]
[    0.082372] pci 0000:00:01.1: legacy IDE quirk: reg 0x18: [io  0x0170-0x0177]
[    0.082541] pci 0000:00:01.1: legacy IDE quirk: reg 0x1c: [io  0x0376]
[    0.083274] pci 0000:00:02.0: [80ee:beef] type 00 class 0x030000
[    0.085634] pci 0000:00:02.0: reg 0x10: [mem 0xe0000000-0xe0ffffff pref]
[    0.097078] pci 0000:00:03.0: [8086:100e] type 00 class 0x020000
[    0.098831] pci 0000:00:03.0: reg 0x10: [mem 0xf0000000-0xf001ffff]
[    0.102739] pci 0000:00:03.0: reg 0x18: [io  0xd010-0xd017]
[    0.108730] pci 0000:00:04.0: [80ee:cafe] type 00 class 0x088000
[    0.110025] pci 0000:00:04.0: reg 0x10: [io  0xd020-0xd03f]
[    0.111658] pci 0000:00:04.0: reg 0x14: [mem 0xf0400000-0xf07fffff]
[    0.112635] pci 0000:00:04.0: reg 0x18: [mem 0xf0800000-0xf0803fff pref]
[    0.119606] pci 0000:00:05.0: [8086:2415] type 00 class 0x040100
[    0.119711] pci 0000:00:05.0: reg 0x10: [io  0xd100-0xd1ff]
[    0.119792] pci 0000:00:05.0: reg 0x14: [io  0xd200-0xd23f]
[    0.120417] pci 0000:00:06.0: [106b:003f] type 00 class 0x0c0310
[    0.122602] pci 0000:00:06.0: reg 0x10: [mem 0xf0804000-0xf0804fff]
[    0.131612] pci 0000:00:07.0: [8086:7113] type 00 class 0x068000
[    0.132019] pci 0000:00:07.0: quirk: [io  0x4000-0x403f] claimed by PIIX4 ACPI
[    0.132530] pci 0000:00:07.0: quirk: [io  0x4100-0x410f] claimed by PIIX4 SMB
[    0.132952] pci 0000:00:0b.0: [8086:265c] type 00 class 0x0c0320
[    0.135733] pci 0000:00:0b.0: reg 0x10: [mem 0xf0805000-0xf0805fff]
[    0.145117] pci 0000:00:0d.0: [8086:2829] type 00 class 0x010601
[    0.146225] pci 0000:00:0d.0: reg 0x10: [io  0xd240-0xd247]
[    0.147825] pci 0000:00:0d.0: reg 0x14: [io  0xd248-0xd24b]
[    0.149251] pci 0000:00:0d.0: reg 0x18: [io  0xd250-0xd257]
[    0.150720] pci 0000:00:0d.0: reg 0x1c: [io  0xd258-0xd25b]
[    0.152763] pci 0000:00:0d.0: reg 0x20: [io  0xd260-0xd26f]
[    0.154819] pci 0000:00:0d.0: reg 0x24: [mem 0xf0806000-0xf0807fff]
[    0.157929] ACPI: PCI Interrupt Link [LNKA] (IRQs 5 9 10 *11)
[    0.158293] ACPI: PCI Interrupt Link [LNKB] (IRQs 5 9 *10 11)
[    0.159720] ACPI: PCI Interrupt Link [LNKC] (IRQs 5 *9 10 11)
[    0.159720] ACPI: PCI Interrupt Link [LNKD] (IRQs 5 9 10 *11)
[    0.160909] pci 0000:00:02.0: vgaarb: setting as boot VGA device
[    0.161611] pci 0000:00:02.0: vgaarb: VGA device added: decodes=io+mem,owns=io+mem,locks=none
[    0.162777] pci 0000:00:02.0: vgaarb: bridge control possible
[    0.162777] vgaarb: loaded
[    0.163605] SCSI subsystem initialized
[    0.163742] libata version 3.00 loaded.
[    0.163742] ACPI: bus type USB registered
[    0.164607] usbcore: registered new interface driver usbfs
[    0.164645] usbcore: registered new interface driver hub
[    0.164671] usbcore: registered new device driver usb
[    0.164855] pps_core: LinuxPPS API ver. 1 registered
[    0.165727] pps_core: Software ver. 5.3.6 - Copyright 2005-2007 Rodolfo Giometti <giometti@linux.it>
[    0.166639] PTP clock support registered
[    0.167112] EDAC MC: Ver: 3.0.0
[    0.169601] Advanced Linux Sound Architecture Driver Initialized.
[    0.169684] PCI: Using ACPI for IRQ routing
[    0.169707] PCI: pci_cache_line_size set to 64 bytes
[    0.170607] e820: reserve RAM buffer [mem 0x0009fc00-0x0009ffff]
[    0.170607] e820: reserve RAM buffer [mem 0xc0af0000-0xc3ffffff]
[    0.170619] NetLabel: Initializing
[    0.170684] NetLabel:  domain hash size = 128
[    0.170684] NetLabel:  protocols = UNLABELED CIPSOv4 CALIPSO
[    0.170840] NetLabel:  unlabeled traffic allowed by default
[    0.171769] clocksource: Switched to clocksource tsc-early
[    0.243652] VFS: Disk quotas dquot_6.6.0
[    0.244278] VFS: Dquot-cache hash table entries: 512 (order 0, 4096 bytes)
[    0.244708] *** VALIDATE hugetlbfs ***
[    0.244908] pnp: PnP ACPI init
[    0.245299] pnp 00:00: Plug and Play ACPI device, IDs PNP0303 (active)
[    0.245401] pnp 00:01: Plug and Play ACPI device, IDs PNP0f03 (active)
[    0.246027] pnp: PnP ACPI: found 2 devices
[    0.261083] clocksource: acpi_pm: mask: 0xffffff max_cycles: 0xffffff, max_idle_ns: 2085701024 ns
[    0.261302] pci_bus 0000:00: resource 4 [io  0x0000-0x0cf7 window]
[    0.261305] pci_bus 0000:00: resource 5 [io  0x0d00-0xffff window]
[    0.261307] pci_bus 0000:00: resource 6 [mem 0x000a0000-0x000bffff window]
[    0.261309] pci_bus 0000:00: resource 7 [mem 0xc0b00000-0xfdffffff window]
[    0.261333] NET: Registered protocol family 2
[    0.262085] tcp_listen_portaddr_hash hash table entries: 2048 (order: 3, 32768 bytes)
[    0.262301] TCP established hash table entries: 32768 (order: 6, 262144 bytes)
[    0.262815] TCP bind hash table entries: 32768 (order: 7, 524288 bytes)
[    0.263211] TCP: Hash tables configured (established 32768 bind 32768)
[    0.263917] UDP hash table entries: 2048 (order: 4, 65536 bytes)
[    0.264301] UDP-Lite hash table entries: 2048 (order: 4, 65536 bytes)
[    0.264705] NET: Registered protocol family 1
[    0.265460] RPC: Registered named UNIX socket transport module.
[    0.265767] RPC: Registered udp transport module.
[    0.266648] RPC: Registered tcp transport module.
[    0.266862] RPC: Registered tcp NFSv4.1 backchannel transport module.
[    0.267447] pci 0000:00:00.0: Limiting direct PCI/PCI transfers
[    0.267848] pci 0000:00:01.0: Activating ISA DMA hang workarounds
[    0.268264] pci 0000:00:02.0: Video device with shadowed ROM at [mem 0x000c0000-0x000dffff]
[    0.271046] PCI: CLS 0 bytes, default 64
[    0.271484] RAPL PMU: API unit is 2^-32 Joules, 3 fixed counters, 10737418240 ms ovfl timer
[    0.271971] RAPL PMU: hw unit of domain pp0-core 2^-0 Joules
[    0.272294] RAPL PMU: hw unit of domain package 2^-0 Joules
[    0.272671] RAPL PMU: hw unit of domain pp1-gpu 2^-0 Joules
[    0.272910] platform rtc_cmos: registered platform RTC device (no PNP device found)
[    0.274612] check: Scanning for low memory corruption every 60 seconds
[    0.275459] Initialise system trusted keyrings
[    0.275913] workingset: timestamp_bits=56 max_order=20 bucket_order=0
[    0.278599] NFS: Registering the id_resolver key type
[    0.278869] Key type id_resolver registered
[    0.279189] Key type id_legacy registered
[    0.290384] Key type asymmetric registered
[    0.290701] Asymmetric key parser 'x509' registered
[    0.290889] Block layer SCSI generic (bsg) driver version 0.4 loaded (major 251)
[    0.291301] io scheduler mq-deadline registered
[    0.291641] io scheduler kyber registered
[    0.292416] ACPI: AC Adapter [AC] (on-line)
[    0.292829] input: Power Button as /devices/LNXSYSTM:00/LNXPWRBN:00/input/input0
[    0.293901] ACPI: Power Button [PWRF]
[    0.294402] input: Sleep Button as /devices/LNXSYSTM:00/LNXSLPBN:00/input/input1
[    0.294877] ACPI: Sleep Button [SLPF]
[    0.295468] ACPI: Video Device [GFX0] (multi-head: yes  rom: no  post: no)
[    0.295951] input: Video Bus as /devices/LNXSYSTM:00/LNXSYBUS:00/PNP0A03:00/LNXVIDEO:00/input/input2
[    0.297437] Serial: 8250/16550 driver, 4 ports, IRQ sharing enabled
[    0.298741] Non-volatile memory driver v1.3
[    0.299146] Linux agpgart interface v0.103
[    0.302214] loop: module loaded
[    0.302834] ahci 0000:00:0d.0: version 3.0
[    0.303312] ahci 0000:00:0d.0: SSS flag set, parallel bus scan disabled
[    0.304098] ahci 0000:00:0d.0: AHCI 0001.0100 32 slots 2 ports 3 Gbps 0x3 impl SATA mode
[    0.304520] ahci 0000:00:0d.0: flags: 64bit ncq stag only ccc
[    0.305702] scsi host0: ahci
[    0.306602] scsi host1: ahci
[    0.307010] ata1: SATA max UDMA/133 abar m8192@0xf0806000 port 0xf0806100 irq 21
[    0.307447] ata2: SATA max UDMA/133 abar m8192@0xf0806000 port 0xf0806180 irq 21
[    0.307935] ata_piix 0000:00:01.1: version 2.13
[    0.309894] scsi host2: ata_piix
[    0.310562] scsi host3: ata_piix
[    0.310948] ata3: PATA max UDMA/33 cmd 0x1f0 ctl 0x3f6 bmdma 0xd000 irq 14
[    0.311338] ata4: PATA max UDMA/33 cmd 0x170 ctl 0x376 bmdma 0xd008 irq 15
[    0.311870] e100: Intel(R) PRO/100 Network Driver, 3.5.24-k2-NAPI
[    0.312259] e100: Copyright(c) 1999-2006 Intel Corporation
[    0.312685] e1000: Intel(R) PRO/1000 Network Driver - version 7.3.21-k8-NAPI
[    0.313037] e1000: Copyright (c) 1999-2006 Intel Corporation.
[    0.617501] ata1: SATA link down (SStatus 0 SControl 300)
[    0.674776] e1000 0000:00:03.0 eth0: (PCI:33MHz:32-bit) 08:00:27:da:17:5d
[    0.675187] e1000 0000:00:03.0 eth0: Intel(R) PRO/1000 Network Connection
[    0.675641] e1000e: Intel(R) PRO/1000 Network Driver - 3.2.6-k
[    0.676025] e1000e: Copyright(c) 1999 - 2015 Intel Corporation.
[    0.676445] sky2: driver version 1.30
[    0.677141] ehci_hcd: USB 2.0 'Enhanced' Host Controller (EHCI) Driver
[    0.677491] ehci-pci: EHCI PCI platform driver
[    0.678257] ehci-pci 0000:00:0b.0: EHCI Host Controller
[    0.678726] ehci-pci 0000:00:0b.0: new USB bus registered, assigned bus number 1
[    0.679468] ehci-pci 0000:00:0b.0: irq 19, io mem 0xf0805000
[    0.686994] ehci-pci 0000:00:0b.0: USB 2.0 started, EHCI 1.00
[    0.687444] usb usb1: New USB device found, idVendor=1d6b, idProduct=0002, bcdDevice= 5.01
[    0.687935] usb usb1: New USB device strings: Mfr=3, Product=2, SerialNumber=1
[    0.688375] usb usb1: Product: EHCI Host Controller
[    0.688701] usb usb1: Manufacturer: Linux 5.1.0-rc7-ygarrot-00029-g600d7258316d ehci_hcd
[    0.689148] usb usb1: SerialNumber: 0000:00:0b.0
[    0.689637] hub 1-0:1.0: USB hub found
[    0.689981] hub 1-0:1.0: 12 ports detected
[    0.690956] ohci_hcd: USB 1.1 'Open' Host Controller (OHCI) Driver
[    0.691448] ohci-pci: OHCI PCI platform driver
[    0.692189] ohci-pci 0000:00:06.0: OHCI PCI host controller
[    0.692546] ohci-pci 0000:00:06.0: new USB bus registered, assigned bus number 2
[    0.693032] ohci-pci 0000:00:06.0: irq 22, io mem 0xf0804000
[    0.745373] usb usb2: New USB device found, idVendor=1d6b, idProduct=0001, bcdDevice= 5.01
[    0.745917] usb usb2: New USB device strings: Mfr=3, Product=2, SerialNumber=1
[    0.746391] usb usb2: Product: OHCI PCI host controller
[    0.746739] usb usb2: Manufacturer: Linux 5.1.0-rc7-ygarrot-00029-g600d7258316d ohci_hcd
[    0.747554] usb usb2: SerialNumber: 0000:00:06.0
[    0.748070] hub 2-0:1.0: USB hub found
[    0.748391] hub 2-0:1.0: 12 ports detected
[    0.749488] uhci_hcd: USB Universal Host Controller Interface driver
[    0.749977] usbcore: registered new interface driver usblp
[    0.750466] usbcore: registered new interface driver usb-storage
[    0.751027] i8042: PNP: PS/2 Controller [PNP0303:PS2K,PNP0f03:PS2M] at 0x60,0x64 irq 1,12
[    0.751959] serio: i8042 KBD port at 0x60,0x64 irq 1
[    0.752467] serio: i8042 AUX port at 0x60,0x64 irq 12
[    0.754008] input: AT Translated Set 2 keyboard as /devices/platform/i8042/serio0/input/input3
[    0.754837] rtc_cmos rtc_cmos: registered as rtc0
[    0.755251] rtc_cmos rtc_cmos: alarms up to one day, 114 bytes nvram
[    0.756108] device-mapper: ioctl: 4.40.0-ioctl (2019-01-18) initialised: dm-devel@redhat.com
[    0.756739] intel_pstate: CPU model not supported
[    0.757105] hidraw: raw HID events driver (C) Jiri Kosina
[    0.757870] usbcore: registered new interface driver usbhid
[    0.758312] usbhid: USB HID core driver
[    0.760239] Initializing XFRM netlink socket
[    0.760804] NET: Registered protocol family 10
[    0.761554] Segment Routing with IPv6
[    0.762591] sit: IPv6, IPv4 and MPLS over IPv4 tunneling driver
[    0.763085] NET: Registered protocol family 17
[    0.763416] Key type dns_resolver registered
[    0.764114] sched_clock: Marking stable (772469013, -8399741)->(870147210, -106077938)
[    0.765682] registered taskstats version 1
[    0.765985] Loading compiled-in X.509 certificates
[    0.766575] PM:   Magic number: 3:518:939
[    0.766969] printk: console [netcon0] enabled
[    0.767294] netconsole: network logging started
[    0.767707] cfg80211: Loading compiled-in X.509 certificates for regulatory database
[    0.769163] cfg80211: Loaded X.509 cert 'sforshee: 00b28ddf47aef9cea7'
[    0.769506] ALSA device list:
[    0.769806] platform regulatory.0: Direct firmware load for regulatory.db failed with error -2
[    0.770330] cfg80211: failed to load regulatory.db
[    0.770772]   No soundcards found.
[    0.927417] ata2: SATA link up 3.0 Gbps (SStatus 123 SControl 300)
[    0.927965] ata2.00: ATA-6: VBOX HARDDISK, 1.0, max UDMA/133
[    0.928308] ata2.00: 41943040 sectors, multi 128: LBA48 NCQ (depth 32)
[    0.929080] ata2.00: configured for UDMA/133
[    0.940131] scsi 1:0:0:0: Direct-Access     ATA      VBOX HARDDISK    1.0  PQ: 0 ANSI: 5
[    0.942219] sd 1:0:0:0: Attached scsi generic sg0 type 0
[    0.942290] sd 1:0:0:0: [sda] 41943040 512-byte logical blocks: (21.5 GB/20.0 GiB)
[    0.943303] sd 1:0:0:0: [sda] Write Protect is off
[    0.943716] sd 1:0:0:0: [sda] Mode Sense: 00 3a 00 00
[    0.943756] sd 1:0:0:0: [sda] Write cache: enabled, read cache: enabled, doesn't support DPO or FUA
[    0.965456]  sda: sda1 sda2 sda3 sda4
[    0.966834] sd 1:0:0:0: [sda] Attached SCSI disk
[    0.971756] input: ImExPS/2 Generic Explorer Mouse as /devices/platform/i8042/serio1/input/input5
[    0.972644] md: Waiting for all devices to be available before autodetect
[    0.972985] md: If you don't use raid, use raid=noautodetect
[    0.973620] md: Autodetecting RAID arrays.
[    0.973969] md: autorun ...
[    0.974250] md: ... autorun DONE.
[    1.003079] EXT4-fs (sda3): mounted filesystem with ordered data mode. Opts: (null)
[    1.003993] VFS: Mounted root (ext4 filesystem) readonly on device 8:3.
[    1.027963] devtmpfs: mounted
[    1.028771] Freeing unused kernel image memory: 1256K
[    1.034727] Write protecting the kernel read-only data: 20480k
[    1.035604] Freeing unused kernel image memory: 2008K
[    1.037078] Freeing unused kernel image memory: 1072K
[    1.037504] Run /sbin/init as init process
[    1.134709] usb 2-1: new full-speed USB device number 2 using ohci-pci
[    1.174783] random: fast init done
[    1.302744] tsc: Refined TSC clocksource calibration: 2893.406 MHz
[    1.303156] clocksource: tsc: mask: 0xffffffffffffffff max_cycles: 0x29b4ee1aabe, max_idle_ns: 440795265226 ns
[    1.303793] clocksource: Switched to clocksource tsc
[    1.364000] usb 2-1: New USB device found, idVendor=80ee, idProduct=0021, bcdDevice= 1.00
[    1.364522] usb 2-1: New USB device strings: Mfr=1, Product=3, SerialNumber=0
[    1.365001] usb 2-1: Product: USB Tablet
[    1.365321] usb 2-1: Manufacturer: VirtualBox
[    1.376956] input: VirtualBox USB Tablet as /devices/pci0000:00/0000:00:06.0/usb2/2-1/2-1:1.0/0003:80EE:0021.0001/input/input6
[    1.377849] hid-generic 0003:80EE:0021.0001: input,hidraw0: USB HID v1.10 Mouse [VirtualBox USB Tablet] on usb-0000:00:06.0-1/input0
[    1.946821] stty (1116) used greatest stack depth: 13840 bytes left
[    2.083316] random: crng init done
[    2.111968] dmesg (1117) used greatest stack depth: 13704 bytes left
[    2.199295] wc (1120) used greatest stack depth: 13448 bytes left
[    5.222916] hrtimer: interrupt took 5156610 ns
[    6.554148] ip (1182) used greatest stack depth: 12408 bytes left
[    6.897092] udevd[1212]: starting version 3.2.5
[    7.960499] udevd[1214]: starting eudev-3.2.5
[    8.282492] e1000 0000:00:03.0 enp0s3: renamed from eth0
[    9.447980] Adding 2097148k swap on /dev/sda2.  Priority:1 extents:1 across:2097148k
[    9.493097] EXT4-fs (sda3): re-mounted. Opts: (null)
[    9.772080] EXT4-fs (sda3): re-mounted. Opts: (null)
[    9.817513] EXT4-fs (sda1): mounted filesystem with ordered data mode. Opts: (null)
[    9.825802] EXT4-fs (sda4): mounted filesystem with ordered data mode. Opts: (null)
[   11.974044] e1000: enp0s3 NIC Link is Up 1000 Mbps Full Duplex, Flow Control: RX
[   11.974807] IPv6: ADDRCONF(NETDEV_CHANGE): enp0s3: link becomes ready
