[    0.000000] Linux version 5.1.0-thor_kernel-ygarrot-00029-g600d7258316d-dirty (root@ygarrot) (gcc version 8.2.0 (GCC)) #2 SMP PREEMPT Fri May 3 11:43:24 CEST 2019
[    0.000000] Command line: BOOT_IMAGE=/vmlinuz-5.1 root=/dev/sda3 ro
[    0.000000] x86/fpu: Supporting XSAVE feature 0x001: 'x87 floating point registers'
[    0.000000] x86/fpu: Supporting XSAVE feature 0x002: 'SSE registers'
[    0.000000] x86/fpu: Supporting XSAVE feature 0x004: 'AVX registers'
[    0.000000] x86/fpu: xstate_offset[2]:  576, xstate_sizes[2]:  256
[    0.000000] x86/fpu: Enabled xstate features 0x7, context size is 832 bytes, using 'standard' format.
[    0.000000] BIOS-provided physical RAM map:
[    0.000000] BIOS-e820: [mem 0x0000000000000000-0x000000000009fbff] usable
[    0.000000] BIOS-e820: [mem 0x000000000009fc00-0x000000000009ffff] reserved
[    0.000000] BIOS-e820: [mem 0x00000000000f0000-0x00000000000fffff] reserved
[    0.000000] BIOS-e820: [mem 0x0000000000100000-0x00000000c0aeffff] usable
[    0.000000] BIOS-e820: [mem 0x00000000c0af0000-0x00000000c0afffff] ACPI data
[    0.000000] BIOS-e820: [mem 0x00000000fec00000-0x00000000fec00fff] reserved
[    0.000000] BIOS-e820: [mem 0x00000000fee00000-0x00000000fee00fff] reserved
[    0.000000] BIOS-e820: [mem 0x00000000fffc0000-0x00000000ffffffff] reserved
[    0.000000] NX (Execute Disable) protection: active
[    0.000000] SMBIOS 2.5 present.
[    0.000000] DMI: innotek GmbH VirtualBox/VirtualBox, BIOS VirtualBox 12/01/2006
[    0.000000] tsc: Fast TSC calibration using PIT
[    0.000000] tsc: Detected 2893.551 MHz processor
[    0.001421] e820: update [mem 0x00000000-0x00000fff] usable ==> reserved
[    0.001424] e820: remove [mem 0x000a0000-0x000fffff] usable
[    0.001429] last_pfn = 0xc0af0 max_arch_pfn = 0x400000000
[    0.001438] MTRR default type: uncachable
[    0.001439] MTRR variable ranges disabled:
[    0.001441] Disabled
[    0.001443] x86/PAT: MTRRs disabled, skipping PAT initialization too.
[    0.001455] CPU MTRRs all blank - virtualized system.
[    0.001458] x86/PAT: Configuration [0-7]: WB  WT  UC- UC  WB  WT  UC- UC  
[    0.001529] found SMP MP-table at [mem 0x0009fff0-0x0009ffff]
[    0.001544] check: Scanning 1 areas for low memory corruption
[    0.001578] BRK [0x68601000, 0x68601fff] PGTABLE
[    0.001581] BRK [0x68602000, 0x68602fff] PGTABLE
[    0.001583] BRK [0x68603000, 0x68603fff] PGTABLE
[    0.001604] BRK [0x68604000, 0x68604fff] PGTABLE
[    0.001607] BRK [0x68605000, 0x68605fff] PGTABLE
[    0.001660] BRK [0x68606000, 0x68606fff] PGTABLE
[    0.001726] BRK [0x68607000, 0x68607fff] PGTABLE
[    0.001769] ACPI: Early table checksum verification disabled
[    0.001791] ACPI: RSDP 0x00000000000E0000 000024 (v02 VBOX  )
[    0.001796] ACPI: XSDT 0x00000000C0AF0030 00003C (v01 VBOX   VBOXXSDT 00000001 ASL  00000061)
[    0.001803] ACPI: FACP 0x00000000C0AF00F0 0000F4 (v04 VBOX   VBOXFACP 00000001 ASL  00000061)
[    0.001810] ACPI: DSDT 0x00000000C0AF0480 0021FF (v02 VBOX   VBOXBIOS 00000002 INTL 20100528)
[    0.001815] ACPI: FACS 0x00000000C0AF0200 000040
[    0.001820] ACPI: FACS 0x00000000C0AF0200 000040
[    0.001824] ACPI: APIC 0x00000000C0AF0240 000064 (v02 VBOX   VBOXAPIC 00000001 ASL  00000061)
[    0.001829] ACPI: SSDT 0x00000000C0AF02B0 0001CC (v01 VBOX   VBOXCPUT 00000002 INTL 20100528)
[    0.001840] ACPI: Local APIC address 0xfee00000
[    0.002031] No NUMA configuration found
[    0.002034] Faking a node at [mem 0x0000000000000000-0x00000000c0aeffff]
[    0.002038] NODE_DATA(0) allocated [mem 0xc0aec000-0xc0aeffff]
[    0.002051] Zone ranges:
[    0.002053]   DMA      [mem 0x0000000000001000-0x0000000000ffffff]
[    0.002055]   DMA32    [mem 0x0000000001000000-0x00000000c0aeffff]
[    0.002057]   Normal   empty
[    0.002059] Movable zone start for each node
[    0.002061] Early memory node ranges
[    0.002063]   node   0: [mem 0x0000000000001000-0x000000000009efff]
[    0.002065]   node   0: [mem 0x0000000000100000-0x00000000c0aeffff]
[    0.002306] Zeroed struct page in unavailable ranges: 98 pages
[    0.002309] Initmem setup node 0 [mem 0x0000000000001000-0x00000000c0aeffff]
[    0.002311] On node 0 totalpages: 789134
[    0.002314]   DMA zone: 64 pages used for memmap
[    0.002315]   DMA zone: 21 pages reserved
[    0.002317]   DMA zone: 3998 pages, LIFO batch:0
[    0.002398]   DMA32 zone: 12268 pages used for memmap
[    0.002400]   DMA32 zone: 785136 pages, LIFO batch:63
[    0.023500] ACPI: PM-Timer IO Port: 0x4008
[    0.023506] ACPI: Local APIC address 0xfee00000
[    0.023561] IOAPIC[0]: apic_id 3, version 32, address 0xfec00000, GSI 0-23
[    0.023566] ACPI: INT_SRC_OVR (bus 0 bus_irq 0 global_irq 2 dfl dfl)
[    0.023569] ACPI: INT_SRC_OVR (bus 0 bus_irq 9 global_irq 9 low level)
[    0.023572] ACPI: IRQ0 used by override.
[    0.023574] ACPI: IRQ9 used by override.
[    0.023578] Using ACPI (MADT) for SMP configuration information
[    0.023586] smpboot: Allowing 3 CPUs, 0 hotplug CPUs
[    0.023598] PM: Registered nosave memory: [mem 0x00000000-0x00000fff]
[    0.023601] PM: Registered nosave memory: [mem 0x0009f000-0x0009ffff]
[    0.023603] PM: Registered nosave memory: [mem 0x000a0000-0x000effff]
[    0.023605] PM: Registered nosave memory: [mem 0x000f0000-0x000fffff]
[    0.023608] [mem 0xc0b00000-0xfebfffff] available for PCI devices
[    0.023612] clocksource: refined-jiffies: mask: 0xffffffff max_cycles: 0xffffffff, max_idle_ns: 1910969940391419 ns
[    0.121011] random: get_random_bytes called from start_kernel+0x8c/0x491 with crng_init=0
[    0.121021] setup_percpu: NR_CPUS:64 nr_cpumask_bits:64 nr_cpu_ids:3 nr_node_ids:1
[    0.121346] percpu: Embedded 43 pages/cpu s138456 r8192 d29480 u524288
[    0.121352] pcpu-alloc: s138456 r8192 d29480 u524288 alloc=1*2097152
[    0.121354] pcpu-alloc: [0] 0 1 2 - 
[    0.121368] Built 1 zonelists, mobility grouping on.  Total pages: 776781
[    0.121370] Policy zone: DMA32
[    0.121372] Kernel command line: BOOT_IMAGE=/vmlinuz-5.1 root=/dev/sda3 ro
[    0.121461] Calgary: detecting Calgary via BIOS EBDA area
[    0.121463] Calgary: Unable to locate Rio Grande table in EBDA - bailing!
[    0.127898] Memory: 3075940K/3156536K available (14340K kernel code, 1288K rwdata, 3024K rodata, 1256K init, 1408K bss, 80596K reserved, 0K cma-reserved)
[    0.128196] SLUB: HWalign=64, Order=0-3, MinObjects=0, CPUs=3, Nodes=1
[    0.128201] Kernel/User page tables isolation: enabled
[    0.128524] rcu: Preemptible hierarchical RCU implementation.
[    0.128526] rcu: 	RCU restricting CPUs from NR_CPUS=64 to nr_cpu_ids=3.
[    0.128528] 	Tasks RCU enabled.
[    0.128530] rcu: RCU calculated value of scheduler-enlistment delay is 100 jiffies.
[    0.128531] rcu: Adjusting geometry for rcu_fanout_leaf=16, nr_cpu_ids=3
[    0.128671] NR_IRQS: 4352, nr_irqs: 448, preallocated irqs: 16
[    0.135824] Console: colour VGA+ 80x25
[    0.166132] printk: console [tty0] enabled
[    0.166454] ACPI: Core revision 20190215
[    0.166994] APIC: Switch to symmetric I/O mode setup
[    0.168001] ..TIMER: vector=0x30 apic1=0 pin1=2 apic2=-1 pin2=-1
[    0.172840] clocksource: tsc-early: mask: 0xffffffffffffffff max_cycles: 0x29b576daed9, max_idle_ns: 440795280620 ns
[    0.173412] Calibrating delay loop (skipped), value calculated using timer frequency.. 5787.10 BogoMIPS (lpj=2893551)
[    0.174398] pid_max: default: 32768 minimum: 301
[    0.174728] LSM: Security Framework initializing
[    0.175050] SELinux:  Initializing.
[    0.175409] *** VALIDATE SELinux ***
[    0.176462] Dentry cache hash table entries: 524288 (order: 10, 4194304 bytes)
[    0.177347] Inode-cache hash table entries: 262144 (order: 9, 2097152 bytes)
[    0.177849] Mount-cache hash table entries: 8192 (order: 4, 65536 bytes)
[    0.178240] Mountpoint-cache hash table entries: 8192 (order: 4, 65536 bytes)
[    0.178524] *** VALIDATE proc ***
[    0.178847] *** VALIDATE cgroup1 ***
[    0.179143] *** VALIDATE cgroup2 ***
[    0.179786] mce: CPU supports 0 MCE banks
[    0.180137] Last level iTLB entries: 4KB 512, 2MB 8, 4MB 8
[    0.180401] Last level dTLB entries: 4KB 512, 2MB 32, 4MB 32, 1GB 0
[    0.180773] Spectre V2 : Mitigation: Full generic retpoline
[    0.181140] Spectre V2 : Spectre v2 / SpectreRSB mitigation: Filling RSB on context switch
[    0.181401] Speculative Store Bypass: Vulnerable
[    0.181806] Freeing SMP alternatives memory: 40K
[    0.183391] smpboot: CPU0: Intel(R) Core(TM) i5-3470S CPU @ 2.90GHz (family: 0x6, model: 0x3a, stepping: 0x9)
[    0.188557] Performance Events: unsupported p6 CPU model 58 no PMU driver, software events only.
[    0.191403] rcu: Hierarchical SRCU implementation.
[    0.195403] smp: Bringing up secondary CPUs ...
[    0.203429] x86: Booting SMP configuration:
[    0.203747] .... node  #0, CPUs:      #1
[    0.038573] mce: CPU supports 0 MCE banks
[    0.213592]  #2
[    0.038573] mce: CPU supports 0 MCE banks
[    0.215423] smp: Brought up 1 node, 3 CPUs
[    0.217399] smpboot: Max logical packages: 1
[    0.217712] smpboot: Total of 3 processors activated (17361.30 BogoMIPS)
[    0.218718] devtmpfs: initialized
[    0.219569] kworker/u6:0 (26) used greatest stack depth: 14128 bytes left
[    0.219612] clocksource: jiffies: mask: 0xffffffff max_cycles: 0xffffffff, max_idle_ns: 1911260446275000 ns
[    0.220413] futex hash table entries: 1024 (order: 4, 65536 bytes)
[    0.220829] PM: RTC time: 09:47:54, date: 2019-05-03
[    0.221481] NET: Registered protocol family 16
[    0.222499] audit: initializing netlink subsys (disabled)
[    0.222856] audit: type=2000 audit(1556876873.056:1): state=initialized audit_enabled=0 res=1
[    0.223469] cpuidle: using governor menu
[    0.223747] ACPI: bus type PCI registered
[    0.224503] PCI: Using configuration type 1 for base access
[    0.232065] HugeTLB registered 2.00 MiB page size, pre-allocated 0 pages
[    0.233466] ACPI: Added _OSI(Module Device)
[    0.233806] ACPI: Added _OSI(Processor Device)
[    0.234138] ACPI: Added _OSI(3.0 _SCP Extensions)
[    0.234551] ACPI: Added _OSI(Processor Aggregator Device)
[    0.234899] ACPI: Added _OSI(Linux-Dell-Video)
[    0.235248] ACPI: Added _OSI(Linux-Lenovo-NV-HDMI-Audio)
[    0.235400] ACPI: Added _OSI(Linux-HPI-Hybrid-Graphics)
[    0.237150] ACPI: 2 ACPI AML tables successfully acquired and loaded
[    0.238989] ACPI: Interpreter enabled
[    0.239310] ACPI: (supports S0 S5)
[    0.239398] ACPI: Using IOAPIC for interrupt routing
[    0.239859] PCI: Using host bridge windows from ACPI; if necessary, use "pci=nocrs" and report a bug
[    0.240488] ACPI: Enabled 2 GPEs in block 00 to 07
[    0.245444] ACPI: PCI Root Bridge [PCI0] (domain 0000 [bus 00-ff])
[    0.245800] acpi PNP0A03:00: _OSC: OS supports [ASPM ClockPM Segments MSI]
[    0.246207] acpi PNP0A03:00: _OSC: not requesting OS control; OS requires [ExtendedConfig ASPM ClockPM MSI]
[    0.246404] acpi PNP0A03:00: fail to add MMCONFIG information, can't access extended PCI configuration space under this bridge.
[    0.247059] PCI host bridge to bus 0000:00
[    0.247729] pci_bus 0000:00: root bus resource [io  0x0000-0x0cf7 window]
[    0.248246] pci_bus 0000:00: root bus resource [io  0x0d00-0xffff window]
[    0.248399] pci_bus 0000:00: root bus resource [mem 0x000a0000-0x000bffff window]
[    0.248871] pci_bus 0000:00: root bus resource [mem 0xc0b00000-0xfdffffff window]
[    0.249399] pci_bus 0000:00: root bus resource [bus 00-ff]
[    0.249771] pci 0000:00:00.0: [8086:1237] type 00 class 0x060000
[    0.250548] pci 0000:00:01.0: [8086:7000] type 00 class 0x060100
[    0.251245] pci 0000:00:01.1: [8086:7111] type 00 class 0x01018a
[    0.251666] pci 0000:00:01.1: reg 0x20: [io  0xd000-0xd00f]
[    0.251833] pci 0000:00:01.1: legacy IDE quirk: reg 0x10: [io  0x01f0-0x01f7]
[    0.252398] pci 0000:00:01.1: legacy IDE quirk: reg 0x14: [io  0x03f6]
[    0.253083] pci 0000:00:01.1: legacy IDE quirk: reg 0x18: [io  0x0170-0x0177]
[    0.253399] pci 0000:00:01.1: legacy IDE quirk: reg 0x1c: [io  0x0376]
[    0.254459] pci 0000:00:02.0: [80ee:beef] type 00 class 0x030000
[    0.256682] pci 0000:00:02.0: reg 0x10: [mem 0xe0000000-0xe0ffffff pref]
[    0.268462] pci 0000:00:03.0: [8086:100e] type 00 class 0x020000
[    0.269874] pci 0000:00:03.0: reg 0x10: [mem 0xf0000000-0xf001ffff]
[    0.273537] pci 0000:00:03.0: reg 0x18: [io  0xd010-0xd017]
[    0.281716] pci 0000:00:04.0: [80ee:cafe] type 00 class 0x088000
[    0.283916] pci 0000:00:04.0: reg 0x10: [io  0xd020-0xd03f]
[    0.285477] pci 0000:00:04.0: reg 0x14: [mem 0xf0400000-0xf07fffff]
[    0.287485] pci 0000:00:04.0: reg 0x18: [mem 0xf0800000-0xf0803fff pref]
[    0.294773] pci 0000:00:05.0: [8086:2415] type 00 class 0x040100
[    0.294925] pci 0000:00:05.0: reg 0x10: [io  0xd100-0xd1ff]
[    0.295003] pci 0000:00:05.0: reg 0x14: [io  0xd200-0xd23f]
[    0.295602] pci 0000:00:06.0: [106b:003f] type 00 class 0x0c0310
[    0.297047] pci 0000:00:06.0: reg 0x10: [mem 0xf0804000-0xf0804fff]
[    0.307044] pci 0000:00:07.0: [8086:7113] type 00 class 0x068000
[    0.307647] pci 0000:00:07.0: quirk: [io  0x4000-0x403f] claimed by PIIX4 ACPI
[    0.308156] pci 0000:00:07.0: quirk: [io  0x4100-0x410f] claimed by PIIX4 SMB
[    0.308698] pci 0000:00:0b.0: [8086:265c] type 00 class 0x0c0320
[    0.310531] pci 0000:00:0b.0: reg 0x10: [mem 0xf0805000-0xf0805fff]
[    0.320943] pci 0000:00:0d.0: [8086:2829] type 00 class 0x010601
[    0.323433] pci 0000:00:0d.0: reg 0x10: [io  0xd240-0xd247]
[    0.324550] pci 0000:00:0d.0: reg 0x14: [io  0xd248-0xd24b]
[    0.326030] pci 0000:00:0d.0: reg 0x18: [io  0xd250-0xd257]
[    0.327709] pci 0000:00:0d.0: reg 0x1c: [io  0xd258-0xd25b]
[    0.329020] pci 0000:00:0d.0: reg 0x20: [io  0xd260-0xd26f]
[    0.330549] pci 0000:00:0d.0: reg 0x24: [mem 0xf0806000-0xf0807fff]
[    0.334603] ACPI: PCI Interrupt Link [LNKA] (IRQs 5 9 10 *11)
[    0.335111] ACPI: PCI Interrupt Link [LNKB] (IRQs 5 9 *10 11)
[    0.335482] ACPI: PCI Interrupt Link [LNKC] (IRQs 5 *9 10 11)
[    0.335868] ACPI: PCI Interrupt Link [LNKD] (IRQs 5 9 10 *11)
[    0.336633] pci 0000:00:02.0: vgaarb: setting as boot VGA device
[    0.336824] pci 0000:00:02.0: vgaarb: VGA device added: decodes=io+mem,owns=io+mem,locks=none
[    0.337413] pci 0000:00:02.0: vgaarb: bridge control possible
[    0.338397] vgaarb: loaded
[    0.338711] SCSI subsystem initialized
[    0.339087] libata version 3.00 loaded.
[    0.339437] ACPI: bus type USB registered
[    0.339879] usbcore: registered new interface driver usbfs
[    0.340256] usbcore: registered new interface driver hub
[    0.340450] usbcore: registered new device driver usb
[    0.340824] pps_core: LinuxPPS API ver. 1 registered
[    0.341410] pps_core: Software ver. 5.3.6 - Copyright 2005-2007 Rodolfo Giometti <giometti@linux.it>
[    0.341907] PTP clock support registered
[    0.343458] EDAC MC: Ver: 3.0.0
[    0.344022] Advanced Linux Sound Architecture Driver Initialized.
[    0.344459] PCI: Using ACPI for IRQ routing
[    0.344779] PCI: pci_cache_line_size set to 64 bytes
[    0.344970] e820: reserve RAM buffer [mem 0x0009fc00-0x0009ffff]
[    0.344976] e820: reserve RAM buffer [mem 0xc0af0000-0xc3ffffff]
[    0.345493] NetLabel: Initializing
[    0.345797] NetLabel:  domain hash size = 128
[    0.346108] NetLabel:  protocols = UNLABELED CIPSOv4 CALIPSO
[    0.346386] NetLabel:  unlabeled traffic allowed by default
[    0.346814] clocksource: Switched to clocksource tsc-early
[    0.419867] VFS: Disk quotas dquot_6.6.0
[    0.420208] VFS: Dquot-cache hash table entries: 512 (order 0, 4096 bytes)
[    0.420619] *** VALIDATE hugetlbfs ***
[    0.420969] pnp: PnP ACPI init
[    0.421403] pnp 00:00: Plug and Play ACPI device, IDs PNP0303 (active)
[    0.421480] pnp 00:01: Plug and Play ACPI device, IDs PNP0f03 (active)
[    0.422143] pnp: PnP ACPI: found 2 devices
[    0.436466] clocksource: acpi_pm: mask: 0xffffff max_cycles: 0xffffff, max_idle_ns: 2085701024 ns
[    0.437009] pci_bus 0000:00: resource 4 [io  0x0000-0x0cf7 window]
[    0.437012] pci_bus 0000:00: resource 5 [io  0x0d00-0xffff window]
[    0.437014] pci_bus 0000:00: resource 6 [mem 0x000a0000-0x000bffff window]
[    0.437016] pci_bus 0000:00: resource 7 [mem 0xc0b00000-0xfdffffff window]
[    0.437069] NET: Registered protocol family 2
[    0.437539] tcp_listen_portaddr_hash hash table entries: 2048 (order: 3, 32768 bytes)
[    0.437979] TCP established hash table entries: 32768 (order: 6, 262144 bytes)
[    0.438461] TCP bind hash table entries: 32768 (order: 7, 524288 bytes)
[    0.438802] TCP: Hash tables configured (established 32768 bind 32768)
[    0.439256] UDP hash table entries: 2048 (order: 4, 65536 bytes)
[    0.439628] UDP-Lite hash table entries: 2048 (order: 4, 65536 bytes)
[    0.440079] NET: Registered protocol family 1
[    0.440858] RPC: Registered named UNIX socket transport module.
[    0.441147] RPC: Registered udp transport module.
[    0.441933] RPC: Registered tcp transport module.
[    0.442218] RPC: Registered tcp NFSv4.1 backchannel transport module.
[    0.442889] pci 0000:00:00.0: Limiting direct PCI/PCI transfers
[    0.443220] pci 0000:00:01.0: Activating ISA DMA hang workarounds
[    0.443624] pci 0000:00:02.0: Video device with shadowed ROM at [mem 0x000c0000-0x000dffff]
[    0.446025] PCI: CLS 0 bytes, default 64
[    0.446402] RAPL PMU: API unit is 2^-32 Joules, 3 fixed counters, 10737418240 ms ovfl timer
[    0.446890] RAPL PMU: hw unit of domain pp0-core 2^-0 Joules
[    0.447233] RAPL PMU: hw unit of domain package 2^-0 Joules
[    0.447581] RAPL PMU: hw unit of domain pp1-gpu 2^-0 Joules
[    0.448000] platform rtc_cmos: registered platform RTC device (no PNP device found)
[    0.449958] check: Scanning for low memory corruption every 60 seconds
[    0.450874] Initialise system trusted keyrings
[    0.451367] workingset: timestamp_bits=56 max_order=20 bucket_order=0
[    0.455001] NFS: Registering the id_resolver key type
[    0.455465] Key type id_resolver registered
[    0.455769] Key type id_legacy registered
[    0.467004] Key type asymmetric registered
[    0.467333] Asymmetric key parser 'x509' registered
[    0.467694] Block layer SCSI generic (bsg) driver version 0.4 loaded (major 251)
[    0.468266] io scheduler mq-deadline registered
[    0.468586] io scheduler kyber registered
[    0.469388] ACPI: AC Adapter [AC] (on-line)
[    0.469885] input: Power Button as /devices/LNXSYSTM:00/LNXPWRBN:00/input/input0
[    0.471255] ACPI: Power Button [PWRF]
[    0.471634] input: Sleep Button as /devices/LNXSYSTM:00/LNXSLPBN:00/input/input1
[    0.472213] ACPI: Sleep Button [SLPF]
[    0.472733] ACPI: Video Device [GFX0] (multi-head: yes  rom: no  post: no)
[    0.472964] input: Video Bus as /devices/LNXSYSTM:00/LNXSYBUS:00/PNP0A03:00/LNXVIDEO:00/input/input2
[    0.474531] Serial: 8250/16550 driver, 4 ports, IRQ sharing enabled
[    0.476882] Non-volatile memory driver v1.3
[    0.477402] Linux agpgart interface v0.103
[    0.481905] loop: module loaded
[    0.482517] ahci 0000:00:0d.0: version 3.0
[    0.482898] ahci 0000:00:0d.0: SSS flag set, parallel bus scan disabled
[    0.483537] ahci 0000:00:0d.0: AHCI 0001.0100 32 slots 2 ports 3 Gbps 0x3 impl SATA mode
[    0.483707] ahci 0000:00:0d.0: flags: 64bit ncq stag only ccc 
[    0.485059] scsi host0: ahci
[    0.485980] scsi host1: ahci
[    0.486399] ata1: SATA max UDMA/133 abar m8192@0xf0806000 port 0xf0806100 irq 21
[    0.487242] ata2: SATA max UDMA/133 abar m8192@0xf0806000 port 0xf0806180 irq 21
[    0.487772] ata_piix 0000:00:01.1: version 2.13
[    0.488364] scsi host2: ata_piix
[    0.488924] scsi host3: ata_piix
[    0.489292] ata3: PATA max UDMA/33 cmd 0x1f0 ctl 0x3f6 bmdma 0xd000 irq 14
[    0.489690] ata4: PATA max UDMA/33 cmd 0x170 ctl 0x376 bmdma 0xd008 irq 15
[    0.490000] e100: Intel(R) PRO/100 Network Driver, 3.5.24-k2-NAPI
[    0.490438] e100: Copyright(c) 1999-2006 Intel Corporation
[    0.490907] e1000: Intel(R) PRO/1000 Network Driver - version 7.3.21-k8-NAPI
[    0.491158] e1000: Copyright (c) 1999-2006 Intel Corporation.
[    0.795030] ata1: SATA link down (SStatus 0 SControl 300)
[    0.851302] e1000 0000:00:03.0 eth0: (PCI:33MHz:32-bit) 08:00:27:da:17:5d
[    0.851721] e1000 0000:00:03.0 eth0: Intel(R) PRO/1000 Network Connection
[    0.852050] e1000e: Intel(R) PRO/1000 Network Driver - 3.2.6-k
[    0.852300] e1000e: Copyright(c) 1999 - 2015 Intel Corporation.
[    0.852894] sky2: driver version 1.30
[    0.854196] ehci_hcd: USB 2.0 'Enhanced' Host Controller (EHCI) Driver
[    0.854612] ehci-pci: EHCI PCI platform driver
[    0.855202] ehci-pci 0000:00:0b.0: EHCI Host Controller
[    0.855991] ehci-pci 0000:00:0b.0: new USB bus registered, assigned bus number 1
[    0.856635] ehci-pci 0000:00:0b.0: irq 19, io mem 0xf0805000
[    0.864288] ehci-pci 0000:00:0b.0: USB 2.0 started, EHCI 1.00
[    0.864706] usb usb1: New USB device found, idVendor=1d6b, idProduct=0002, bcdDevice= 5.01
[    0.865705] usb usb1: New USB device strings: Mfr=3, Product=2, SerialNumber=1
[    0.865915] usb usb1: Product: EHCI Host Controller
[    0.866294] usb usb1: Manufacturer: Linux 5.1.0-thor_kernel-ygarrot-00029-g600d7258316d-dirty ehci_hcd
[    0.866776] usb usb1: SerialNumber: 0000:00:0b.0
[    0.867292] hub 1-0:1.0: USB hub found
[    0.867637] hub 1-0:1.0: 12 ports detected
[    0.868749] ohci_hcd: USB 1.1 'Open' Host Controller (OHCI) Driver
[    0.868956] ohci-pci: OHCI PCI platform driver
[    0.869741] ohci-pci 0000:00:06.0: OHCI PCI host controller
[    0.870456] ohci-pci 0000:00:06.0: new USB bus registered, assigned bus number 2
[    0.870863] ohci-pci 0000:00:06.0: irq 22, io mem 0xf0804000
[    0.924141] usb usb2: New USB device found, idVendor=1d6b, idProduct=0001, bcdDevice= 5.01
[    0.924695] usb usb2: New USB device strings: Mfr=3, Product=2, SerialNumber=1
[    0.924947] usb usb2: Product: OHCI PCI host controller
[    0.925310] usb usb2: Manufacturer: Linux 5.1.0-thor_kernel-ygarrot-00029-g600d7258316d-dirty ohci_hcd
[    0.925785] usb usb2: SerialNumber: 0000:00:06.0
[    0.927134] hub 2-0:1.0: USB hub found
[    0.927445] hub 2-0:1.0: 12 ports detected
[    0.928461] uhci_hcd: USB Universal Host Controller Interface driver
[    0.928885] usbcore: registered new interface driver usblp
[    0.929304] usbcore: registered new interface driver usb-storage
[    0.929851] i8042: PNP: PS/2 Controller [PNP0303:PS2K,PNP0f03:PS2M] at 0x60,0x64 irq 1,12
[    0.931060] serio: i8042 KBD port at 0x60,0x64 irq 1
[    0.931406] serio: i8042 AUX port at 0x60,0x64 irq 12
[    0.932840] input: AT Translated Set 2 keyboard as /devices/platform/i8042/serio0/input/input3
[    0.934511] rtc_cmos rtc_cmos: registered as rtc0
[    0.934852] rtc_cmos rtc_cmos: alarms up to one day, 114 bytes nvram
[    0.935712] device-mapper: ioctl: 4.40.0-ioctl (2019-01-18) initialised: dm-devel@redhat.com
[    0.935972] intel_pstate: CPU model not supported
[    0.936349] hidraw: raw HID events driver (C) Jiri Kosina
[    0.937362] usbcore: registered new interface driver usbhid
[    0.937723] usbhid: USB HID core driver
[    0.939347] Initializing XFRM netlink socket
[    0.940079] NET: Registered protocol family 10
[    0.941056] Segment Routing with IPv6
[    0.942079] sit: IPv6, IPv4 and MPLS over IPv4 tunneling driver
[    0.942452] NET: Registered protocol family 17
[    0.942804] Key type dns_resolver registered
[    0.944290] sched_clock: Marking stable (906697522, 37573451)->(1049998034, -105727061)
[    0.946084] registered taskstats version 1
[    0.946322] Loading compiled-in X.509 certificates
[    0.946915] PM:   Magic number: 3:407:777
[    0.947243] misc rfkill: hash matches
[    0.947579] printk: console [netcon0] enabled
[    0.947811] netconsole: network logging started
[    0.948019] cfg80211: Loading compiled-in X.509 certificates for regulatory database
[    0.949484] cfg80211: Loaded X.509 cert 'sforshee: 00b28ddf47aef9cea7'
[    0.949806] ALSA device list:
[    0.949986] platform regulatory.0: Direct firmware load for regulatory.db failed with error -2
[    0.950774]   No soundcards found.
[    0.950982] cfg80211: failed to load regulatory.db
[    1.099906] ata2: SATA link up 3.0 Gbps (SStatus 123 SControl 300)
[    1.100571] ata2.00: ATA-6: VBOX HARDDISK, 1.0, max UDMA/133
[    1.100928] ata2.00: 41943040 sectors, multi 128: LBA48 NCQ (depth 32)
[    1.102281] ata2.00: configured for UDMA/133
[    1.113092] scsi 1:0:0:0: Direct-Access     ATA      VBOX HARDDISK    1.0  PQ: 0 ANSI: 5
[    1.114012] sd 1:0:0:0: [sda] 41943040 512-byte logical blocks: (21.5 GB/20.0 GiB)
[    1.115356] sd 1:0:0:0: Attached scsi generic sg0 type 0
[    1.115616] sd 1:0:0:0: [sda] Write Protect is off
[    1.116290] sd 1:0:0:0: [sda] Mode Sense: 00 3a 00 00
[    1.116328] sd 1:0:0:0: [sda] Write cache: enabled, read cache: enabled, doesn't support DPO or FUA
[    1.139309]  sda: sda1 sda2 sda3 sda4
[    1.140595] sd 1:0:0:0: [sda] Attached SCSI disk
[    1.147204] input: ImExPS/2 Generic Explorer Mouse as /devices/platform/i8042/serio1/input/input5
[    1.148050] md: Waiting for all devices to be available before autodetect
[    1.148363] md: If you don't use raid, use raid=noautodetect
[    1.149087] md: Autodetecting RAID arrays.
[    1.149359] md: autorun ...
[    1.149644] md: ... autorun DONE.
[    1.196376] EXT4-fs (sda3): mounted filesystem with ordered data mode. Opts: (null)
[    1.196939] VFS: Mounted root (ext4 filesystem) readonly on device 8:3.
[    1.221244] devtmpfs: mounted
[    1.221984] Freeing unused kernel image memory: 1256K
[    1.257540] Write protecting the kernel read-only data: 20480k
[    1.258782] Freeing unused kernel image memory: 2008K
[    1.259639] Freeing unused kernel image memory: 1072K
[    1.260048] Run /sbin/init as init process
[    1.308565] usb 2-1: new full-speed USB device number 2 using ohci-pci
[    1.366444] random: fast init done
[    1.478549] tsc: Refined TSC clocksource calibration: 2893.407 MHz
[    1.478943] clocksource: tsc: mask: 0xffffffffffffffff max_cycles: 0x29b4eef41a6, max_idle_ns: 440795231367 ns
[    1.479596] clocksource: Switched to clocksource tsc
[    1.540118] usb 2-1: New USB device found, idVendor=80ee, idProduct=0021, bcdDevice= 1.00
[    1.540529] usb 2-1: New USB device strings: Mfr=1, Product=3, SerialNumber=0
[    1.540957] usb 2-1: Product: USB Tablet
[    1.541342] usb 2-1: Manufacturer: VirtualBox
[    1.553649] input: VirtualBox USB Tablet as /devices/pci0000:00/0000:00:06.0/usb2/2-1/2-1:1.0/0003:80EE:0021.0001/input/input6
[    1.554673] hid-generic 0003:80EE:0021.0001: input,hidraw0: USB HID v1.10 Mouse [VirtualBox USB Tablet] on usb-0000:00:06.0-1/input0
[    2.013689] stty (1117) used greatest stack depth: 13840 bytes left
[    2.215305] dmesg (1118) used greatest stack depth: 13704 bytes left
[    2.253366] wc (1121) used greatest stack depth: 13568 bytes left
[    5.472540] random: crng init done
[    5.718768] sed (1138) used greatest stack depth: 13440 bytes left
[    6.002777] ip (1183) used greatest stack depth: 12408 bytes left
[    6.200137] udevd[1213]: starting version 3.2.5
[    6.655283] udevd[1214]: starting eudev-3.2.5
[    6.854435] e1000 0000:00:03.0 enp0s3: renamed from eth0
[    7.207041] Adding 2097148k swap on /dev/sda2.  Priority:1 extents:1 across:2097148k 
[    7.225395] EXT4-fs (sda3): re-mounted. Opts: (null)
[    7.437254] EXT4-fs (sda3): re-mounted. Opts: (null)
[    7.477880] EXT4-fs (sda1): mounted filesystem with ordered data mode. Opts: (null)
[    7.485276] EXT4-fs (sda4): mounted filesystem with ordered data mode. Opts: (null)
[    9.115942] e1000: enp0s3 NIC Link is Up 1000 Mbps Full Duplex, Flow Control: RX
[    9.116764] IPv6: ADDRCONF(NETDEV_CHANGE): enp0s3: link becomes ready
[   21.291529] hrtimer: interrupt took 3807573 ns
